// Jest Snapshot v1, https://goo.gl/fbAQLP

exports[`<Col /> should render default style correctly 1`] = `
.c0 {
  box-sizing: border-box;
  -webkit-flex: 1 0 auto;
  -ms-flex: 1 0 auto;
  flex: 1 0 auto;
  max-width: 100%;
  display: -webkit-box;
  display: -webkit-flex;
  display: -ms-flexbox;
  display: flex;
  -webkit-flex-direction: column;
  -ms-flex-direction: column;
  flex-direction: column;
  padding-right: 8px;
  padding-left: 8px;
}

<div
  className="c0"
/>
`;
