// Jest Snapshot v1, https://goo.gl/fbAQLP

exports[`<Container /> should render default style correctly 1`] = `
.c0 {
  margin-right: auto;
  margin-left: auto;
}

@media only screen and (min-width:1rem) {
  .c0 {
    padding-left: 1rem;
    padding-right: 1rem;
  }
}

@media only screen and (min-width:48rem) {
  .c0 {
    padding-left: 1rem;
    padding-right: 1rem;
  }
}

@media only screen and (min-width:64rem) {
  .c0 {
    padding-left: 1.5rem;
    padding-right: 1.5rem;
  }
}

@media only screen and (min-width:90rem) {
  .c0 {
    padding-left: 1.5rem;
    padding-right: 1.5rem;
  }
}

@media only screen and (min-width:120rem) {
  .c0 {
    padding-left: 1.5rem;
    padding-right: 1.5rem;
  }
}

@media only screen and (min-width:1rem) {
  .c0 {
    max-width: 100%;
  }
}

@media only screen and (min-width:48rem) {
  .c0 {
    max-width: 100%;
  }
}

@media only screen and (min-width:64rem) {
  .c0 {
    max-width: 100%;
  }
}

@media only screen and (min-width:90rem) {
  .c0 {
    max-width: 90rem;
  }
}

@media only screen and (min-width:120rem) {
  .c0 {
    max-width: 90rem;
  }
}

<div
  className="c0"
/>
`;
